[INFO] Scanning for projects...
[INFO] 
[INFO] --------------------< com.collincorp:house_rental >---------------------
[INFO] Building house_rental 0.0.1-SNAPSHOT
[INFO]   from pom.xml
[INFO] --------------------------------[ jar ]---------------------------------
[INFO] 
[INFO] >>> spring-boot:3.4.1:run (default-cli) > test-compile @ house_rental >>>
[INFO] 
[INFO] --- resources:3.3.1:resources (default-resources) @ house_rental ---
[INFO] Copying 12 resources from src/main/resources to target/classes
[INFO] 
[INFO] --- compiler:3.13.0:compile (default-compile) @ house_rental ---
[INFO] Nothing to compile - all classes are up to date.
[INFO] 
[INFO] --- resources:3.3.1:testResources (default-testResources) @ house_rental ---
[INFO] Copying 1 resource from src/test/resources to target/test-classes
[INFO] 
[INFO] --- compiler:3.13.0:testCompile (default-testCompile) @ house_rental ---
[INFO] Recompiling the module because of changed source code.
[INFO] Compiling 2 source files with javac [debug parameters release 21] to target/test-classes
[INFO] 
[INFO] <<< spring-boot:3.4.1:run (default-cli) < test-compile @ house_rental <<<
[INFO] 
[INFO] 
[INFO] --- spring-boot:3.4.1:run (default-cli) @ house_rental ---
[INFO] Attaching agents: []
Loading environment variables from: /home/daniel/Downloads/house_rental (2)/house_rental/.env

  .   ____          _            __ _ _
 /\\ / ___'_ __ _ _(_)_ __  __ _ \ \ \ \
( ( )\___ | '_ | '_| | '_ \/ _` | \ \ \ \
 \\/  ___)| |_)| | | | | || (_| |  ) ) ) )
  '  |____| .__|_| |_|_| |_\__, | / / / /
 =========|_|==============|___/=/_/_/_/

 :: Spring Boot ::                (v3.4.1)

2026-05-21T00:48:36.746+03:00  INFO 930332 --- [house_rental] [           main] c.c.houserental.HouseRentalApplication   : Starting HouseRentalApplication using Java 21.0.10 with PID 930332 (/home/daniel/Downloads/house_rental (2)/house_rental/backend/target/classes started by daniel in /home/daniel/Downloads/house_rental (2)/house_rental/backend)
2026-05-21T00:48:36.751+03:00  INFO 930332 --- [house_rental] [           main] c.c.houserental.HouseRentalApplication   : The following 1 profile is active: "dev"
2026-05-21T00:48:38.329+03:00  INFO 930332 --- [house_rental] [           main] .s.d.r.c.RepositoryConfigurationDelegate : Bootstrapping Spring Data JPA repositories in DEFAULT mode.
2026-05-21T00:48:38.588+03:00  INFO 930332 --- [house_rental] [           main] .s.d.r.c.RepositoryConfigurationDelegate : Finished Spring Data repository scanning in 235 ms. Found 7 JPA repository interfaces.
2026-05-21T00:48:40.679+03:00  INFO 930332 --- [house_rental] [           main] o.s.b.w.embedded.tomcat.TomcatWebServer  : Tomcat initialized with port 8080 (http)
2026-05-21T00:48:40.698+03:00  INFO 930332 --- [house_rental] [           main] o.apache.catalina.core.StandardService   : Starting service [Tomcat]
2026-05-21T00:48:40.699+03:00  INFO 930332 --- [house_rental] [           main] o.apache.catalina.core.StandardEngine    : Starting Servlet engine: [Apache Tomcat/10.1.34]
2026-05-21T00:48:40.774+03:00  INFO 930332 --- [house_rental] [           main] o.a.c.c.C.[Tomcat].[localhost].[/]       : Initializing Spring embedded WebApplicationContext
2026-05-21T00:48:40.775+03:00  INFO 930332 --- [house_rental] [           main] w.s.c.ServletWebServerApplicationContext : Root WebApplicationContext: initialization completed in 3912 ms
2026-05-21T00:48:41.193+03:00  INFO 930332 --- [house_rental] [           main] com.zaxxer.hikari.HikariDataSource       : HikariPool-1 - Starting...
2026-05-21T00:48:41.430+03:00  INFO 930332 --- [house_rental] [           main] com.zaxxer.hikari.pool.HikariPool        : HikariPool-1 - Added connection org.postgresql.jdbc.PgConnection@e3899fd
2026-05-21T00:48:41.434+03:00  INFO 930332 --- [house_rental] [           main] com.zaxxer.hikari.HikariDataSource       : HikariPool-1 - Start completed.
2026-05-21T00:48:41.485+03:00  INFO 930332 --- [house_rental] [           main] org.flywaydb.core.FlywayExecutor         : Database: jdbc:postgresql://localhost:5432/house_rental (PostgreSQL 16.13)
2026-05-21T00:48:41.573+03:00  INFO 930332 --- [house_rental] [           main] o.f.core.internal.command.DbValidate     : Successfully validated 4 migrations (execution time 00:00.057s)
2026-05-21T00:48:41.594+03:00  INFO 930332 --- [house_rental] [           main] o.f.core.internal.command.DbMigrate      : Current version of schema "public": 4
2026-05-21T00:48:41.598+03:00  INFO 930332 --- [house_rental] [           main] o.f.core.internal.command.DbMigrate      : Schema "public" is up to date. No migration necessary.
2026-05-21T00:48:41.744+03:00  INFO 930332 --- [house_rental] [           main] o.hibernate.jpa.internal.util.LogHelper  : HHH000204: Processing PersistenceUnitInfo [name: default]
2026-05-21T00:48:41.840+03:00  INFO 930332 --- [house_rental] [           main] org.hibernate.Version                    : HHH000412: Hibernate ORM core version 6.6.4.Final
2026-05-21T00:48:41.949+03:00  INFO 930332 --- [house_rental] [           main] o.h.c.internal.RegionFactoryInitiator    : HHH000026: Second-level cache disabled
2026-05-21T00:48:42.458+03:00  INFO 930332 --- [house_rental] [           main] o.s.o.j.p.SpringPersistenceUnitInfo      : No LoadTimeWeaver setup: ignoring JPA class transformer
2026-05-21T00:48:42.574+03:00  INFO 930332 --- [house_rental] [           main] org.hibernate.orm.connections.pooling    : HHH10001005: Database info:
	Database JDBC URL [Connecting through datasource 'HikariDataSource (HikariPool-1)']
	Database driver: undefined/unknown
	Database version: 16.13
	Autocommit mode: undefined/unknown
	Isolation level: undefined/unknown
	Minimum pool size: undefined/unknown
	Maximum pool size: undefined/unknown
2026-05-21T00:48:46.377+03:00  INFO 930332 --- [house_rental] [           main] o.h.e.t.j.p.i.JtaPlatformInitiator       : HHH000489: No JTA platform available (set 'hibernate.transaction.jta.platform' to enable JTA platform integration)
2026-05-21T00:48:46.444+03:00  INFO 930332 --- [house_rental] [           main] j.LocalContainerEntityManagerFactoryBean : Initialized JPA EntityManagerFactory for persistence unit 'default'
2026-05-21T00:48:46.929+03:00  INFO 930332 --- [house_rental] [           main] o.s.d.j.r.query.QueryEnhancerFactory     : Hibernate is in classpath; If applicable, HQL parser will be used.
2026-05-21T00:48:47.510+03:00  WARN 930332 --- [house_rental] [           main] o.s.aop.framework.CglibAopProxy          : Unable to proxy interface-implementing method [public final void org.springframework.web.filter.OncePerRequestFilter.doFilter(jakarta.servlet.ServletRequest,jakarta.servlet.ServletResponse,jakarta.servlet.FilterChain) throws jakarta.servlet.ServletException,java.io.IOException] because it is marked as final, consider using interface-based JDK proxies instead.
2026-05-21T00:48:47.510+03:00  WARN 930332 --- [house_rental] [           main] o.s.aop.framework.CglibAopProxy          : Unable to proxy interface-implementing method [public final void org.springframework.web.filter.GenericFilterBean.init(jakarta.servlet.FilterConfig) throws jakarta.servlet.ServletException] because it is marked as final, consider using interface-based JDK proxies instead.
2026-05-21T00:48:47.998+03:00  INFO 930332 --- [house_rental] [           main] r$InitializeUserDetailsManagerConfigurer : Global AuthenticationManager configured with UserDetailsService bean with name appUserDetailsService
2026-05-21T00:48:48.101+03:00  INFO 930332 --- [house_rental] [           main] o.s.b.a.w.s.WelcomePageHandlerMapping    : Adding welcome page: class path resource [static/index.html]
2026-05-21T00:48:49.230+03:00  INFO 930332 --- [house_rental] [           main] o.s.b.w.embedded.tomcat.TomcatWebServer  : Tomcat started on port 8080 (http) with context path '/'
2026-05-21T00:48:49.245+03:00  INFO 930332 --- [house_rental] [           main] c.c.houserental.HouseRentalApplication   : Started HouseRentalApplication in 13.359 seconds (process running for 14.049)
2026-05-21T00:48:50.284+03:00  INFO 930332 --- [house_rental] [nio-8080-exec-1] o.a.c.c.C.[Tomcat].[localhost].[/]       : Initializing Spring DispatcherServlet 'dispatcherServlet'
2026-05-21T00:48:50.285+03:00  INFO 930332 --- [house_rental] [nio-8080-exec-1] o.s.web.servlet.DispatcherServlet        : Initializing Servlet 'dispatcherServlet'
2026-05-21T00:48:50.287+03:00  INFO 930332 --- [house_rental] [nio-8080-exec-1] o.s.web.servlet.DispatcherServlet        : Completed initialization in 2 ms
